2026-08-18 16:40:07.366 [main] INFO  c.e.e.auth.service.AuthService - Password successfully reset via SMS OTP for userId: 25
2026-08-18 16:40:07.933 [main] INFO  c.e.e.auth.service.AuthService - User user@example.com successfully authenticated.
2026-08-18 16:40:08.223 [main] WARN  c.e.e.auth.service.AuthService - Authentication rejected: Account blocked@example.com is SUSPENDED
2026-08-18 16:40:08.784 [main] INFO  c.e.e.auth.service.AuthService - Forgot-password OTP [298382] issued via SMS to +91-9876543210 for userId: 20
2026-08-18 16:40:08.789 [main] WARN  c.e.e.auth.service.AuthService - Registration validation failed: Email test@example.com already exists.
2026-08-18 16:40:08.804 [main] WARN  c.e.e.auth.service.AuthService - Registration validation failed: Mobile number 9876543210 already exists.
2026-08-18 16:40:09.350 [main] WARN  c.e.e.auth.service.AuthService - Authentication failed: Incorrect password for user@example.com
2026-08-18 16:40:09.555 [main] INFO  c.e.e.coupon.service.CouponService - Coupon [FLAT300] successfully validated with discount [₹300.00] for subtotal [₹2000.00]
2026-08-18 16:40:09.569 [main] INFO  c.e.e.coupon.service.CouponService - Coupon [SAVE20] successfully validated with discount [₹500.00] for subtotal [₹5000.00]
2026-08-18 16:40:09.608 [main] INFO  c.e.e.c.service.AddressService - Set address [id=20] as default for userId [5]
2026-08-18 16:40:09.616 [main] WARN  c.e.e.c.service.AddressService - Security Alert: User 2 attempted to access address 10 belonging to User 1
2026-08-18 16:40:09.619 [main] INFO  c.e.e.c.service.AddressService - Saved new address [id=101] for userId [1]
2026-08-18 16:40:10.225 [main] WARN  c.e.e.l.service.LogisticsService - Received webhook for untracked AWB: BD-12345678
2026-08-18 16:40:10.240 [main] WARN  c.e.e.l.service.LogisticsService - Received webhook for untracked AWB: SR-55443322
2026-08-18 16:40:10.286 [main] WARN  c.e.e.l.service.LogisticsService - Received webhook for untracked AWB: DL-99887766
2026-08-18 16:40:10.344 [main] INFO  c.e.e.o.service.OrderReturnService - Admin updated returnId [501] status to: APPROVED
2026-08-18 16:40:10.352 [main] INFO  c.e.e.o.service.OrderReturnService - Created return request [returnId=501, returnNumber=RET-20260818-ORD101-F8DF] for orderId [101] by userId [5]
2026-08-18 16:40:10.505 [main] WARN  c.e.e.order.service.OrderService - Security Alert: User 2 attempted unauthorized access to Order 50
2026-08-18 16:40:10.606 [main] INFO  c.e.e.payment.service.PaymentService - Initiated payment [PAY-UPI-140C82B2-9] for Order ID: 10 with amount: 4999.00
2026-08-18 16:40:10.615 [main] INFO  c.e.e.p.service.RazorpayService - Razorpay Payment Gateway initialized with Key ID: rzp_test...6wlu
2026-08-18 16:40:10.616 [main] INFO  c.e.e.p.service.RazorpayService - Razorpay Payment Gateway initialized with Key ID: rzp_test...6wlu
2026-08-18 16:40:10.958 [main] WARN  c.e.e.p.service.RazorpayService - Razorpay API call failed. Falling back to local Sandbox Order ID generator.
com.razorpay.RazorpayException: BAD_REQUEST_ERROR:Authentication failed
	at com.razorpay.ApiClient.throwException(ApiClient.java:228)
	at com.razorpay.ApiClient.processResponse(ApiClient.java:180)
	at com.razorpay.ApiClient.post(ApiClient.java:55)
	at com.razorpay.OrderClient.post(OrderClient.java:7)
	at com.razorpay.ApiClient.post(ApiClient.java:50)
	at com.razorpay.OrderClient.post(OrderClient.java:7)
	at com.razorpay.OrderClient.create(OrderClient.java:14)
	at com.example.ecommerce.payment.service.RazorpayService.createRazorpayOrder(RazorpayService.java:75)
	at com.example.ecommerce.payment.service.RazorpayServiceTest.testCreateSimulatedRazorpayOrder(RazorpayServiceTest.java:24)
	at java.base/jdk.internal.reflect.DirectMethodHandleAccessor.invoke(DirectMethodHandleAccessor.java:104)
	at java.base/java.lang.reflect.Method.invoke(Method.java:565)
	at org.junit.platform.commons.util.ReflectionUtils.invokeMethod(ReflectionUtils.java:767)
	at org.junit.jupiter.engine.execution.MethodInvocation.proceed(MethodInvocation.java:60)
	at org.junit.jupiter.engine.execution.InvocationInterceptorChain$ValidatingInvocation.proceed(InvocationInterceptorChain.java:131)
	at org.junit.jupiter.engine.extension.TimeoutExtension.intercept(TimeoutExtension.java:156)
	at org.junit.jupiter.engine.extension.TimeoutExtension.interceptTestableMethod(TimeoutExtension.java:147)
	at org.junit.jupiter.engine.extension.TimeoutExtension.interceptTestMethod(TimeoutExtension.java:86)
	at org.junit.jupiter.engine.execution.InterceptingExecutableInvoker$ReflectiveInterceptorCall.lambda$ofVoidMethod$0(InterceptingExecutableInvoker.java:103)
	at org.junit.jupiter.engine.execution.InterceptingExecutableInvoker.lambda$invoke$0(InterceptingExecutableInvoker.java:93)
	at org.junit.jupiter.engine.execution.InvocationInterceptorChain$InterceptedInvocation.proceed(InvocationInterceptorChain.java:106)
	at org.junit.jupiter.engine.execution.InvocationInterceptorChain.proceed(InvocationInterceptorChain.java:64)
	at org.junit.jupiter.engine.execution.InvocationInterceptorChain.chainAndInvoke(InvocationInterceptorChain.java:45)
	at org.junit.jupiter.engine.execution.InvocationInterceptorChain.invoke(InvocationInterceptorChain.java:37)
	at org.junit.jupiter.engine.execution.InterceptingExecutableInvoker.invoke(InterceptingExecutableInvoker.java:92)
	at org.junit.jupiter.engine.execution.InterceptingExecutableInvoker.invoke(InterceptingExecutableInvoker.java:86)
	at org.junit.jupiter.engine.descriptor.TestMethodTestDescriptor.lambda$invokeTestMethod$8(TestMethodTestDescriptor.java:217)
	at org.junit.platform.engine.support.hierarchical.ThrowableCollector.execute(ThrowableCollector.java:73)
	at org.junit.jupiter.engine.descriptor.TestMethodTestDescriptor.invokeTestMethod(TestMethodTestDescriptor.java:213)
	at org.junit.jupiter.engine.descriptor.TestMethodTestDescriptor.execute(TestMethodTestDescriptor.java:138)
	at org.junit.jupiter.engine.descriptor.TestMethodTestDescriptor.execute(TestMethodTestDescriptor.java:68)
	at org.junit.platform.engine.support.hierarchical.NodeTestTask.lambda$executeRecursively$6(NodeTestTask.java:156)
	at org.junit.platform.engine.support.hierarchical.ThrowableCollector.execute(ThrowableCollector.java:73)
	at org.junit.platform.engine.support.hierarchical.NodeTestTask.lambda$executeRecursively$8(NodeTestTask.java:146)
	at org.junit.platform.engine.support.hierarchical.Node.around(Node.java:137)
	at org.junit.platform.engine.support.hierarchical.NodeTestTask.lambda$executeRecursively$9(NodeTestTask.java:144)
	at org.junit.platform.engine.support.hierarchical.ThrowableCollector.execute(ThrowableCollector.java:73)
	at org.junit.platform.engine.support.hierarchical.NodeTestTask.executeRecursively(NodeTestTask.java:143)
	at org.junit.platform.engine.support.hierarchical.NodeTestTask.execute(NodeTestTask.java:100)
	at java.base/java.util.ArrayList.forEach(ArrayList.java:1604)
	at org.junit.platform.engine.support.hierarchical.SameThreadHierarchicalTestExecutorService.invokeAll(SameThreadHierarchicalTestExecutorService.java:41)
	at org.junit.platform.engine.support.hierarchical.NodeTestTask.lambda$executeRecursively$6(NodeTestTask.java:160)
	at org.junit.platform.engine.support.hierarchical.ThrowableCollector.execute(ThrowableCollector.java:73)
	at org.junit.platform.engine.support.hierarchical.NodeTestTask.lambda$executeRecursively$8(NodeTestTask.java:146)
	at org.junit.platform.engine.support.hierarchical.Node.around(Node.java:137)
	at org.junit.platform.engine.support.hierarchical.NodeTestTask.lambda$executeRecursively$9(NodeTestTask.java:144)
	at org.junit.platform.engine.support.hierarchical.ThrowableCollector.execute(ThrowableCollector.java:73)
	at org.junit.platform.engine.support.hierarchical.NodeTestTask.executeRecursively(NodeTestTask.java:143)
	at org.junit.platform.engine.support.hierarchical.NodeTestTask.execute(NodeTestTask.java:100)
	at java.base/java.util.ArrayList.forEach(ArrayList.java:1604)
	at org.junit.platform.engine.support.hierarchical.SameThreadHierarchicalTestExecutorService.invokeAll(SameThreadHierarchicalTestExecutorService.java:41)
	at org.junit.platform.engine.support.hierarchical.NodeTestTask.lambda$executeRecursively$6(NodeTestTask.java:160)
	at org.junit.platform.engine.support.hierarchical.ThrowableCollector.execute(ThrowableCollector.java:73)
	at org.junit.platform.engine.support.hierarchical.NodeTestTask.lambda$executeRecursively$8(NodeTestTask.java:146)
	at org.junit.platform.engine.support.hierarchical.Node.around(Node.java:137)
	at org.junit.platform.engine.support.hierarchical.NodeTestTask.lambda$executeRecursively$9(NodeTestTask.java:144)
	at org.junit.platform.engine.support.hierarchical.ThrowableCollector.execute(ThrowableCollector.java:73)
	at org.junit.platform.engine.support.hierarchical.NodeTestTask.executeRecursively(NodeTestTask.java:143)
	at org.junit.platform.engine.support.hierarchical.NodeTestTask.execute(NodeTestTask.java:100)
	at org.junit.platform.engine.support.hierarchical.SameThreadHierarchicalTestExecutorService.submit(SameThreadHierarchicalTestExecutorService.java:35)
	at org.junit.platform.engine.support.hierarchical.HierarchicalTestExecutor.execute(HierarchicalTestExecutor.java:57)
	at org.junit.platform.engine.support.hierarchical.HierarchicalTestEngine.execute(HierarchicalTestEngine.java:54)
	at org.junit.platform.launcher.core.EngineExecutionOrchestrator.execute(EngineExecutionOrchestrator.java:198)
	at org.junit.platform.launcher.core.EngineExecutionOrchestrator.execute(EngineExecutionOrchestrator.java:169)
	at org.junit.platform.launcher.core.EngineExecutionOrchestrator.execute(EngineExecutionOrchestrator.java:93)
	at org.junit.platform.launcher.core.EngineExecutionOrchestrator.lambda$execute$0(EngineExecutionOrchestrator.java:58)
	at org.junit.platform.launcher.core.EngineExecutionOrchestrator.withInterceptedStreams(EngineExecutionOrchestrator.java:141)
	at org.junit.platform.launcher.core.EngineExecutionOrchestrator.execute(EngineExecutionOrchestrator.java:57)
	at org.junit.platform.launcher.core.DefaultLauncher.execute(DefaultLauncher.java:103)
	at org.junit.platform.launcher.core.DefaultLauncher.execute(DefaultLauncher.java:85)
	at org.junit.platform.launcher.core.DelegatingLauncher.execute(DelegatingLauncher.java:47)
	at org.apache.maven.surefire.junitplatform.LazyLauncher.execute(LazyLauncher.java:56)
	at org.apache.maven.surefire.junitplatform.JUnitPlatformProvider.execute(JUnitPlatformProvider.java:184)
	at org.apache.maven.surefire.junitplatform.JUnitPlatformProvider.invokeAllTests(JUnitPlatformProvider.java:148)
	at org.apache.maven.surefire.junitplatform.JUnitPlatformProvider.invoke(JUnitPlatformProvider.java:122)
	at org.apache.maven.surefire.booter.ForkedBooter.runSuitesInProcess(ForkedBooter.java:385)
	at org.apache.maven.surefire.booter.ForkedBooter.execute(ForkedBooter.java:162)
	at org.apache.maven.surefire.booter.ForkedBooter.run(ForkedBooter.java:507)
	at org.apache.maven.surefire.booter.ForkedBooter.main(ForkedBooter.java:495)
2026-08-18 16:40:10.963 [main] INFO  c.e.e.p.service.RazorpayService - Generated Sandbox Simulated Order [order_sim_479f19d2fd8144] for Order ID #101
2026-08-18 16:40:10.990 [main] INFO  c.e.e.product.service.ProductService - Product ID 5 deactivated (Soft deleted)
2026-08-18 16:40:11.057 [main] INFO  c.e.e.review.service.ReviewService - Created new verified review [id=1002] for product [1] by user [10] with 2 image(s)
2026-08-18 16:40:11.068 [main] WARN  c.e.e.review.service.ReviewService - Review rejected: User 10 attempted to review unpurchased/undelivered product 2
2026-08-18 16:40:11.073 [main] INFO  c.e.e.review.service.ReviewService - Updated existing review [id=555] for product [1] by user [10] with 0 image(s)
2026-08-18 16:40:11.077 [main] INFO  c.e.e.review.service.ReviewService - Created new verified review [id=1001] for product [1] by user [10] with 0 image(s)
2026-08-18 16:40:12.239 [main] INFO  c.e.e.w.service.WishlistService - Removed product [5] from user [1] wishlist.
2026-08-18 16:40:12.240 [main] INFO  c.e.e.w.service.WishlistService - Moved product [5] from wishlist to cart for userId [1]
2026-08-18 16:52:31.027 [main] INFO  c.e.e.auth.service.AuthService - Password successfully reset via SMS OTP for userId: 25
2026-08-18 16:52:31.579 [main] INFO  c.e.e.auth.service.AuthService - User user@example.com successfully authenticated.
2026-08-18 16:52:31.890 [main] WARN  c.e.e.auth.service.AuthService - Authentication rejected: Account blocked@example.com is SUSPENDED
2026-08-18 16:52:32.488 [main] INFO  c.e.e.auth.service.AuthService - Forgot-password OTP [552646] issued via SMS to +91-9876543210 for userId: 20
2026-08-18 16:52:32.493 [main] WARN  c.e.e.auth.service.AuthService - Registration validation failed: Email test@example.com already exists.
2026-08-18 16:52:32.498 [main] WARN  c.e.e.auth.service.AuthService - Registration validation failed: Mobile number 9876543210 already exists.
2026-08-18 16:52:33.048 [main] WARN  c.e.e.auth.service.AuthService - Authentication failed: Incorrect password for user@example.com
2026-08-18 16:52:33.251 [main] INFO  c.e.e.coupon.service.CouponService - Coupon [FLAT300] successfully validated with discount [₹300.00] for subtotal [₹2000.00]
2026-08-18 16:52:33.263 [main] INFO  c.e.e.coupon.service.CouponService - Coupon [SAVE20] successfully validated with discount [₹500.00] for subtotal [₹5000.00]
2026-08-18 16:52:33.307 [main] INFO  c.e.e.c.service.AddressService - Set address [id=20] as default for userId [5]
2026-08-18 16:52:33.314 [main] WARN  c.e.e.c.service.AddressService - Security Alert: User 2 attempted to access address 10 belonging to User 1
2026-08-18 16:52:33.319 [main] INFO  c.e.e.c.service.AddressService - Saved new address [id=101] for userId [1]
2026-08-18 16:52:33.753 [main] WARN  c.e.e.l.service.LogisticsService - Received webhook for untracked AWB: BD-12345678
2026-08-18 16:52:33.769 [main] WARN  c.e.e.l.service.LogisticsService - Received webhook for untracked AWB: SR-55443322
2026-08-18 16:52:33.825 [main] WARN  c.e.e.l.service.LogisticsService - Received webhook for untracked AWB: DL-99887766
2026-08-18 16:52:33.890 [main] INFO  c.e.e.o.service.OrderReturnService - Admin updated returnId [501] status to: APPROVED
2026-08-18 16:52:33.897 [main] INFO  c.e.e.o.service.OrderReturnService - Created return request [returnId=501, returnNumber=RET-20260818-ORD101-4060] for orderId [101] by userId [5]
2026-08-18 16:52:34.022 [main] WARN  c.e.e.order.service.OrderService - Security Alert: User 2 attempted unauthorized access to Order 50
2026-08-18 16:52:34.134 [main] INFO  c.e.e.payment.service.PaymentService - Initiated payment [PAY-UPI-D8B3E9CB-4] for Order ID: 10 with amount: 4999.00
2026-08-18 16:52:34.142 [main] INFO  c.e.e.p.service.RazorpayService - Razorpay Payment Gateway initialized with Key ID: rzp_test...6wlu
2026-08-18 16:52:34.144 [main] INFO  c.e.e.p.service.RazorpayService - Razorpay Payment Gateway initialized with Key ID: rzp_test...6wlu
2026-08-18 16:52:34.545 [main] WARN  c.e.e.p.service.RazorpayService - Razorpay API call failed. Falling back to local Sandbox Order ID generator.
com.razorpay.RazorpayException: BAD_REQUEST_ERROR:Authentication failed
	at com.razorpay.ApiClient.throwException(ApiClient.java:228)
	at com.razorpay.ApiClient.processResponse(ApiClient.java:180)
	at com.razorpay.ApiClient.post(ApiClient.java:55)
	at com.razorpay.OrderClient.post(OrderClient.java:7)
	at com.razorpay.ApiClient.post(ApiClient.java:50)
	at com.razorpay.OrderClient.post(OrderClient.java:7)
	at com.razorpay.OrderClient.create(OrderClient.java:14)
	at com.example.ecommerce.payment.service.RazorpayService.createRazorpayOrder(RazorpayService.java:75)
	at com.example.ecommerce.payment.service.RazorpayServiceTest.testCreateSimulatedRazorpayOrder(RazorpayServiceTest.java:24)
	at java.base/jdk.internal.reflect.DirectMethodHandleAccessor.invoke(DirectMethodHandleAccessor.java:104)
	at java.base/java.lang.reflect.Method.invoke(Method.java:565)
	at org.junit.platform.commons.util.ReflectionUtils.invokeMethod(ReflectionUtils.java:767)
	at org.junit.jupiter.engine.execution.MethodInvocation.proceed(MethodInvocation.java:60)
	at org.junit.jupiter.engine.execution.InvocationInterceptorChain$ValidatingInvocation.proceed(InvocationInterceptorChain.java:131)
	at org.junit.jupiter.engine.extension.TimeoutExtension.intercept(TimeoutExtension.java:156)
	at org.junit.jupiter.engine.extension.TimeoutExtension.interceptTestableMethod(TimeoutExtension.java:147)
	at org.junit.jupiter.engine.extension.TimeoutExtension.interceptTestMethod(TimeoutExtension.java:86)
	at org.junit.jupiter.engine.execution.InterceptingExecutableInvoker$ReflectiveInterceptorCall.lambda$ofVoidMethod$0(InterceptingExecutableInvoker.java:103)
	at org.junit.jupiter.engine.execution.InterceptingExecutableInvoker.lambda$invoke$0(InterceptingExecutableInvoker.java:93)
	at org.junit.jupiter.engine.execution.InvocationInterceptorChain$InterceptedInvocation.proceed(InvocationInterceptorChain.java:106)
	at org.junit.jupiter.engine.execution.InvocationInterceptorChain.proceed(InvocationInterceptorChain.java:64)
	at org.junit.jupiter.engine.execution.InvocationInterceptorChain.chainAndInvoke(InvocationInterceptorChain.java:45)
	at org.junit.jupiter.engine.execution.InvocationInterceptorChain.invoke(InvocationInterceptorChain.java:37)
	at org.junit.jupiter.engine.execution.InterceptingExecutableInvoker.invoke(InterceptingExecutableInvoker.java:92)
	at org.junit.jupiter.engine.execution.InterceptingExecutableInvoker.invoke(InterceptingExecutableInvoker.java:86)
	at org.junit.jupiter.engine.descriptor.TestMethodTestDescriptor.lambda$invokeTestMethod$8(TestMethodTestDescriptor.java:217)
	at org.junit.platform.engine.support.hierarchical.ThrowableCollector.execute(ThrowableCollector.java:73)
	at org.junit.jupiter.engine.descriptor.TestMethodTestDescriptor.invokeTestMethod(TestMethodTestDescriptor.java:213)
	at org.junit.jupiter.engine.descriptor.TestMethodTestDescriptor.execute(TestMethodTestDescriptor.java:138)
	at org.junit.jupiter.engine.descriptor.TestMethodTestDescriptor.execute(TestMethodTestDescriptor.java:68)
	at org.junit.platform.engine.support.hierarchical.NodeTestTask.lambda$executeRecursively$6(NodeTestTask.java:156)
	at org.junit.platform.engine.support.hierarchical.ThrowableCollector.execute(ThrowableCollector.java:73)
	at org.junit.platform.engine.support.hierarchical.NodeTestTask.lambda$executeRecursively$8(NodeTestTask.java:146)
	at org.junit.platform.engine.support.hierarchical.Node.around(Node.java:137)
	at org.junit.platform.engine.support.hierarchical.NodeTestTask.lambda$executeRecursively$9(NodeTestTask.java:144)
	at org.junit.platform.engine.support.hierarchical.ThrowableCollector.execute(ThrowableCollector.java:73)
	at org.junit.platform.engine.support.hierarchical.NodeTestTask.executeRecursively(NodeTestTask.java:143)
	at org.junit.platform.engine.support.hierarchical.NodeTestTask.execute(NodeTestTask.java:100)
	at java.base/java.util.ArrayList.forEach(ArrayList.java:1604)
	at org.junit.platform.engine.support.hierarchical.SameThreadHierarchicalTestExecutorService.invokeAll(SameThreadHierarchicalTestExecutorService.java:41)
	at org.junit.platform.engine.support.hierarchical.NodeTestTask.lambda$executeRecursively$6(NodeTestTask.java:160)
	at org.junit.platform.engine.support.hierarchical.ThrowableCollector.execute(ThrowableCollector.java:73)
	at org.junit.platform.engine.support.hierarchical.NodeTestTask.lambda$executeRecursively$8(NodeTestTask.java:146)
	at org.junit.platform.engine.support.hierarchical.Node.around(Node.java:137)
	at org.junit.platform.engine.support.hierarchical.NodeTestTask.lambda$executeRecursively$9(NodeTestTask.java:144)
	at org.junit.platform.engine.support.hierarchical.ThrowableCollector.execute(ThrowableCollector.java:73)
	at org.junit.platform.engine.support.hierarchical.NodeTestTask.executeRecursively(NodeTestTask.java:143)
	at org.junit.platform.engine.support.hierarchical.NodeTestTask.execute(NodeTestTask.java:100)
	at java.base/java.util.ArrayList.forEach(ArrayList.java:1604)
	at org.junit.platform.engine.support.hierarchical.SameThreadHierarchicalTestExecutorService.invokeAll(SameThreadHierarchicalTestExecutorService.java:41)
	at org.junit.platform.engine.support.hierarchical.NodeTestTask.lambda$executeRecursively$6(NodeTestTask.java:160)
	at org.junit.platform.engine.support.hierarchical.ThrowableCollector.execute(ThrowableCollector.java:73)
	at org.junit.platform.engine.support.hierarchical.NodeTestTask.lambda$executeRecursively$8(NodeTestTask.java:146)
	at org.junit.platform.engine.support.hierarchical.Node.around(Node.java:137)
	at org.junit.platform.engine.support.hierarchical.NodeTestTask.lambda$executeRecursively$9(NodeTestTask.java:144)
	at org.junit.platform.engine.support.hierarchical.ThrowableCollector.execute(ThrowableCollector.java:73)
	at org.junit.platform.engine.support.hierarchical.NodeTestTask.executeRecursively(NodeTestTask.java:143)
	at org.junit.platform.engine.support.hierarchical.NodeTestTask.execute(NodeTestTask.java:100)
	at org.junit.platform.engine.support.hierarchical.SameThreadHierarchicalTestExecutorService.submit(SameThreadHierarchicalTestExecutorService.java:35)
	at org.junit.platform.engine.support.hierarchical.HierarchicalTestExecutor.execute(HierarchicalTestExecutor.java:57)
	at org.junit.platform.engine.support.hierarchical.HierarchicalTestEngine.execute(HierarchicalTestEngine.java:54)
	at org.junit.platform.launcher.core.EngineExecutionOrchestrator.execute(EngineExecutionOrchestrator.java:198)
	at org.junit.platform.launcher.core.EngineExecutionOrchestrator.execute(EngineExecutionOrchestrator.java:169)
	at org.junit.platform.launcher.core.EngineExecutionOrchestrator.execute(EngineExecutionOrchestrator.java:93)
	at org.junit.platform.launcher.core.EngineExecutionOrchestrator.lambda$execute$0(EngineExecutionOrchestrator.java:58)
	at org.junit.platform.launcher.core.EngineExecutionOrchestrator.withInterceptedStreams(EngineExecutionOrchestrator.java:141)
	at org.junit.platform.launcher.core.EngineExecutionOrchestrator.execute(EngineExecutionOrchestrator.java:57)
	at org.junit.platform.launcher.core.DefaultLauncher.execute(DefaultLauncher.java:103)
	at org.junit.platform.launcher.core.DefaultLauncher.execute(DefaultLauncher.java:85)
	at org.junit.platform.launcher.core.DelegatingLauncher.execute(DelegatingLauncher.java:47)
	at org.apache.maven.surefire.junitplatform.LazyLauncher.execute(LazyLauncher.java:56)
	at org.apache.maven.surefire.junitplatform.JUnitPlatformProvider.execute(JUnitPlatformProvider.java:184)
	at org.apache.maven.surefire.junitplatform.JUnitPlatformProvider.invokeAllTests(JUnitPlatformProvider.java:148)
	at org.apache.maven.surefire.junitplatform.JUnitPlatformProvider.invoke(JUnitPlatformProvider.java:122)
	at org.apache.maven.surefire.booter.ForkedBooter.runSuitesInProcess(ForkedBooter.java:385)
	at org.apache.maven.surefire.booter.ForkedBooter.execute(ForkedBooter.java:162)
	at org.apache.maven.surefire.booter.ForkedBooter.run(ForkedBooter.java:507)
	at org.apache.maven.surefire.booter.ForkedBooter.main(ForkedBooter.java:495)
2026-08-18 16:52:34.548 [main] INFO  c.e.e.p.service.RazorpayService - Generated Sandbox Simulated Order [order_sim_5326312dbbf340] for Order ID #101
2026-08-18 16:52:34.573 [main] INFO  c.e.e.product.service.ProductService - Product ID 5 deactivated (Soft deleted)
2026-08-18 16:52:34.627 [main] INFO  c.e.e.review.service.ReviewService - Created new verified review [id=1002] for product [1] by user [10] with 2 image(s)
2026-08-18 16:52:34.637 [main] WARN  c.e.e.review.service.ReviewService - Review rejected: User 10 attempted to review unpurchased/undelivered product 2
2026-08-18 16:52:34.641 [main] INFO  c.e.e.review.service.ReviewService - Updated existing review [id=555] for product [1] by user [10] with 0 image(s)
2026-08-18 16:52:34.645 [main] INFO  c.e.e.review.service.ReviewService - Created new verified review [id=1001] for product [1] by user [10] with 0 image(s)
2026-08-18 16:52:35.795 [main] INFO  c.e.e.w.service.WishlistService - Removed product [5] from user [1] wishlist.
2026-08-18 16:52:35.796 [main] INFO  c.e.e.w.service.WishlistService - Moved product [5] from wishlist to cart for userId [1]
2026-08-18 17:01:12.736 [main] INFO  c.e.e.auth.service.AuthService - Password successfully reset via SMS OTP for userId: 25
2026-08-18 17:01:13.334 [main] INFO  c.e.e.auth.service.AuthService - User user@example.com successfully authenticated.
2026-08-18 17:01:13.659 [main] WARN  c.e.e.auth.service.AuthService - Authentication rejected: Account blocked@example.com is SUSPENDED
2026-08-18 17:01:14.352 [main] INFO  c.e.e.auth.service.AuthService - Forgot-password OTP [575430] issued via SMS to +91-9876543210 for userId: 20
2026-08-18 17:01:14.358 [main] WARN  c.e.e.auth.service.AuthService - Registration validation failed: Email test@example.com already exists.
2026-08-18 17:01:14.362 [main] WARN  c.e.e.auth.service.AuthService - Registration validation failed: Mobile number 9876543210 already exists.
2026-08-18 17:01:14.911 [main] WARN  c.e.e.auth.service.AuthService - Authentication failed: Incorrect password for user@example.com
2026-08-18 17:01:15.126 [main] INFO  c.e.e.coupon.service.CouponService - Coupon [FLAT300] successfully validated with discount [₹300.00] for subtotal [₹2000.00]
2026-08-18 17:01:15.139 [main] INFO  c.e.e.coupon.service.CouponService - Coupon [SAVE20] successfully validated with discount [₹500.00] for subtotal [₹5000.00]
2026-08-18 17:01:15.183 [main] INFO  c.e.e.c.service.AddressService - Set address [id=20] as default for userId [5]
2026-08-18 17:01:15.192 [main] WARN  c.e.e.c.service.AddressService - Security Alert: User 2 attempted to access address 10 belonging to User 1
2026-08-18 17:01:15.197 [main] INFO  c.e.e.c.service.AddressService - Saved new address [id=101] for userId [1]
2026-08-18 17:01:15.664 [main] WARN  c.e.e.l.service.LogisticsService - Received webhook for untracked AWB: BD-12345678
2026-08-18 17:01:15.677 [main] WARN  c.e.e.l.service.LogisticsService - Received webhook for untracked AWB: SR-55443322
2026-08-18 17:01:15.726 [main] WARN  c.e.e.l.service.LogisticsService - Received webhook for untracked AWB: DL-99887766
2026-08-18 17:01:15.783 [main] INFO  c.e.e.o.service.OrderReturnService - Admin updated returnId [501] status to: APPROVED
2026-08-18 17:01:15.790 [main] INFO  c.e.e.o.service.OrderReturnService - Created return request [returnId=501, returnNumber=RET-20260818-ORD101-1D57] for orderId [101] by userId [5]
2026-08-18 17:01:15.906 [main] WARN  c.e.e.order.service.OrderService - Security Alert: User 2 attempted unauthorized access to Order 50
2026-08-18 17:01:15.998 [main] INFO  c.e.e.payment.service.PaymentService - Initiated payment [PAY-UPI-7745BB7D-2] for Order ID: 10 with amount: 4999.00
2026-08-18 17:01:16.007 [main] INFO  c.e.e.p.service.RazorpayService - Razorpay Payment Gateway initialized with Key ID: rzp_test...6wlu
2026-08-18 17:01:16.009 [main] INFO  c.e.e.p.service.RazorpayService - Razorpay Payment Gateway initialized with Key ID: rzp_test...6wlu
2026-08-18 17:01:16.321 [main] WARN  c.e.e.p.service.RazorpayService - Razorpay API call failed. Falling back to local Sandbox Order ID generator.
com.razorpay.RazorpayException: BAD_REQUEST_ERROR:Authentication failed
	at com.razorpay.ApiClient.throwException(ApiClient.java:228)
	at com.razorpay.ApiClient.processResponse(ApiClient.java:180)
	at com.razorpay.ApiClient.post(ApiClient.java:55)
	at com.razorpay.OrderClient.post(OrderClient.java:7)
	at com.razorpay.ApiClient.post(ApiClient.java:50)
	at com.razorpay.OrderClient.post(OrderClient.java:7)
	at com.razorpay.OrderClient.create(OrderClient.java:14)
	at com.example.ecommerce.payment.service.RazorpayService.createRazorpayOrder(RazorpayService.java:75)
	at com.example.ecommerce.payment.service.RazorpayServiceTest.testCreateSimulatedRazorpayOrder(RazorpayServiceTest.java:24)
	at java.base/jdk.internal.reflect.DirectMethodHandleAccessor.invoke(DirectMethodHandleAccessor.java:104)
	at java.base/java.lang.reflect.Method.invoke(Method.java:565)
	at org.junit.platform.commons.util.ReflectionUtils.invokeMethod(ReflectionUtils.java:767)
	at org.junit.jupiter.engine.execution.MethodInvocation.proceed(MethodInvocation.java:60)
	at org.junit.jupiter.engine.execution.InvocationInterceptorChain$ValidatingInvocation.proceed(InvocationInterceptorChain.java:131)
	at org.junit.jupiter.engine.extension.TimeoutExtension.intercept(TimeoutExtension.java:156)
	at org.junit.jupiter.engine.extension.TimeoutExtension.interceptTestableMethod(TimeoutExtension.java:147)
	at org.junit.jupiter.engine.extension.TimeoutExtension.interceptTestMethod(TimeoutExtension.java:86)
	at org.junit.jupiter.engine.execution.InterceptingExecutableInvoker$ReflectiveInterceptorCall.lambda$ofVoidMethod$0(InterceptingExecutableInvoker.java:103)
	at org.junit.jupiter.engine.execution.InterceptingExecutableInvoker.lambda$invoke$0(InterceptingExecutableInvoker.java:93)
	at org.junit.jupiter.engine.execution.InvocationInterceptorChain$InterceptedInvocation.proceed(InvocationInterceptorChain.java:106)
	at org.junit.jupiter.engine.execution.InvocationInterceptorChain.proceed(InvocationInterceptorChain.java:64)
	at org.junit.jupiter.engine.execution.InvocationInterceptorChain.chainAndInvoke(InvocationInterceptorChain.java:45)
	at org.junit.jupiter.engine.execution.InvocationInterceptorChain.invoke(InvocationInterceptorChain.java:37)
	at org.junit.jupiter.engine.execution.InterceptingExecutableInvoker.invoke(InterceptingExecutableInvoker.java:92)
	at org.junit.jupiter.engine.execution.InterceptingExecutableInvoker.invoke(InterceptingExecutableInvoker.java:86)
	at org.junit.jupiter.engine.descriptor.TestMethodTestDescriptor.lambda$invokeTestMethod$8(TestMethodTestDescriptor.java:217)
	at org.junit.platform.engine.support.hierarchical.ThrowableCollector.execute(ThrowableCollector.java:73)
	at org.junit.jupiter.engine.descriptor.TestMethodTestDescriptor.invokeTestMethod(TestMethodTestDescriptor.java:213)
	at org.junit.jupiter.engine.descriptor.TestMethodTestDescriptor.execute(TestMethodTestDescriptor.java:138)
	at org.junit.jupiter.engine.descriptor.TestMethodTestDescriptor.execute(TestMethodTestDescriptor.java:68)
	at org.junit.platform.engine.support.hierarchical.NodeTestTask.lambda$executeRecursively$6(NodeTestTask.java:156)
	at org.junit.platform.engine.support.hierarchical.ThrowableCollector.execute(ThrowableCollector.java:73)
	at org.junit.platform.engine.support.hierarchical.NodeTestTask.lambda$executeRecursively$8(NodeTestTask.java:146)
	at org.junit.platform.engine.support.hierarchical.Node.around(Node.java:137)
	at org.junit.platform.engine.support.hierarchical.NodeTestTask.lambda$executeRecursively$9(NodeTestTask.java:144)
	at org.junit.platform.engine.support.hierarchical.ThrowableCollector.execute(ThrowableCollector.java:73)
	at org.junit.platform.engine.support.hierarchical.NodeTestTask.executeRecursively(NodeTestTask.java:143)
	at org.junit.platform.engine.support.hierarchical.NodeTestTask.execute(NodeTestTask.java:100)
	at java.base/java.util.ArrayList.forEach(ArrayList.java:1604)
	at org.junit.platform.engine.support.hierarchical.SameThreadHierarchicalTestExecutorService.invokeAll(SameThreadHierarchicalTestExecutorService.java:41)
	at org.junit.platform.engine.support.hierarchical.NodeTestTask.lambda$executeRecursively$6(NodeTestTask.java:160)
	at org.junit.platform.engine.support.hierarchical.ThrowableCollector.execute(ThrowableCollector.java:73)
	at org.junit.platform.engine.support.hierarchical.NodeTestTask.lambda$executeRecursively$8(NodeTestTask.java:146)
	at org.junit.platform.engine.support.hierarchical.Node.around(Node.java:137)
	at org.junit.platform.engine.support.hierarchical.NodeTestTask.lambda$executeRecursively$9(NodeTestTask.java:144)
	at org.junit.platform.engine.support.hierarchical.ThrowableCollector.execute(ThrowableCollector.java:73)
	at org.junit.platform.engine.support.hierarchical.NodeTestTask.executeRecursively(NodeTestTask.java:143)
	at org.junit.platform.engine.support.hierarchical.NodeTestTask.execute(NodeTestTask.java:100)
	at java.base/java.util.ArrayList.forEach(ArrayList.java:1604)
	at org.junit.platform.engine.support.hierarchical.SameThreadHierarchicalTestExecutorService.invokeAll(SameThreadHierarchicalTestExecutorService.java:41)
	at org.junit.platform.engine.support.hierarchical.NodeTestTask.lambda$executeRecursively$6(NodeTestTask.java:160)
	at org.junit.platform.engine.support.hierarchical.ThrowableCollector.execute(ThrowableCollector.java:73)
	at org.junit.platform.engine.support.hierarchical.NodeTestTask.lambda$executeRecursively$8(NodeTestTask.java:146)
	at org.junit.platform.engine.support.hierarchical.Node.around(Node.java:137)
	at org.junit.platform.engine.support.hierarchical.NodeTestTask.lambda$executeRecursively$9(NodeTestTask.java:144)
	at org.junit.platform.engine.support.hierarchical.ThrowableCollector.execute(ThrowableCollector.java:73)
	at org.junit.platform.engine.support.hierarchical.NodeTestTask.executeRecursively(NodeTestTask.java:143)
	at org.junit.platform.engine.support.hierarchical.NodeTestTask.execute(NodeTestTask.java:100)
	at org.junit.platform.engine.support.hierarchical.SameThreadHierarchicalTestExecutorService.submit(SameThreadHierarchicalTestExecutorService.java:35)
	at org.junit.platform.engine.support.hierarchical.HierarchicalTestExecutor.execute(HierarchicalTestExecutor.java:57)
	at org.junit.platform.engine.support.hierarchical.HierarchicalTestEngine.execute(HierarchicalTestEngine.java:54)
	at org.junit.platform.launcher.core.EngineExecutionOrchestrator.execute(EngineExecutionOrchestrator.java:198)
	at org.junit.platform.launcher.core.EngineExecutionOrchestrator.execute(EngineExecutionOrchestrator.java:169)
	at org.junit.platform.launcher.core.EngineExecutionOrchestrator.execute(EngineExecutionOrchestrator.java:93)
	at org.junit.platform.launcher.core.EngineExecutionOrchestrator.lambda$execute$0(EngineExecutionOrchestrator.java:58)
	at org.junit.platform.launcher.core.EngineExecutionOrchestrator.withInterceptedStreams(EngineExecutionOrchestrator.java:141)
	at org.junit.platform.launcher.core.EngineExecutionOrchestrator.execute(EngineExecutionOrchestrator.java:57)
	at org.junit.platform.launcher.core.DefaultLauncher.execute(DefaultLauncher.java:103)
	at org.junit.platform.launcher.core.DefaultLauncher.execute(DefaultLauncher.java:85)
	at org.junit.platform.launcher.core.DelegatingLauncher.execute(DelegatingLauncher.java:47)
	at org.apache.maven.surefire.junitplatform.LazyLauncher.execute(LazyLauncher.java:56)
	at org.apache.maven.surefire.junitplatform.JUnitPlatformProvider.execute(JUnitPlatformProvider.java:184)
	at org.apache.maven.surefire.junitplatform.JUnitPlatformProvider.invokeAllTests(JUnitPlatformProvider.java:148)
	at org.apache.maven.surefire.junitplatform.JUnitPlatformProvider.invoke(JUnitPlatformProvider.java:122)
	at org.apache.maven.surefire.booter.ForkedBooter.runSuitesInProcess(ForkedBooter.java:385)
	at org.apache.maven.surefire.booter.ForkedBooter.execute(ForkedBooter.java:162)
	at org.apache.maven.surefire.booter.ForkedBooter.run(ForkedBooter.java:507)
	at org.apache.maven.surefire.booter.ForkedBooter.main(ForkedBooter.java:495)
2026-08-18 17:01:16.324 [main] INFO  c.e.e.p.service.RazorpayService - Generated Sandbox Simulated Order [order_sim_af09328875704b] for Order ID #101
2026-08-18 17:01:16.351 [main] INFO  c.e.e.product.service.ProductService - Product ID 5 deactivated (Soft deleted)
2026-08-18 17:01:16.403 [main] INFO  c.e.e.review.service.ReviewService - Created new verified review [id=1002] for product [1] by user [10] with 2 image(s)
2026-08-18 17:01:16.412 [main] WARN  c.e.e.review.service.ReviewService - Review rejected: User 10 attempted to review unpurchased/undelivered product 2
2026-08-18 17:01:16.416 [main] INFO  c.e.e.review.service.ReviewService - Updated existing review [id=555] for product [1] by user [10] with 0 image(s)
2026-08-18 17:01:16.421 [main] INFO  c.e.e.review.service.ReviewService - Created new verified review [id=1001] for product [1] by user [10] with 0 image(s)
2026-08-18 17:01:17.679 [main] INFO  c.e.e.w.service.WishlistService - Removed product [5] from user [1] wishlist.
2026-08-18 17:01:17.684 [main] INFO  c.e.e.w.service.WishlistService - Moved product [5] from wishlist to cart for userId [1]
